======================================================================
HW Accelerated Operations — Standalone Execution
======================================================================
  Graph: hot_sauce
  Channel: patch
  H (hypotheses): 750
  N (graph nodes): 1874
  K (neighbors):   10
  F (features):    5

======================================================================
Step 6. Rotation
----------------------------------------------------------------------

  6a. Rotate displacement
      Input:  poses[750, 3, 3], displacement[3]
      displacement = [-0.006037, 0.000001, 0.001099]
      Output: rotated_disp[750, 3]
      Sample [0]: [0.005646, 0.002389, 0.000248]
      Ops: 6,750 mul + 4,500 add = 11,250

  6b. Search locations
      Input:  locations[750, 3] + rotated_disp[750, 3]
      Output: search_locations[750, 3]
      Sample [0]: [0.012132, 1.478786, 0.017823]
      Ops: 2,250 add

  6c. Rotate pose vectors
      Input:  poses[750, 3, 3], pose_vectors[3, 3]
      Output: rotated_pv[750, 3, 3]
      Ops: 20,250 mul + 13,500 add = 33,750

  Step 6 total: 47,250 ops (0.007s)
  Verify vs Monty: max_diff=0.00e+00 OK

======================================================================
Step 7. Nearest Neighbor Search (Brute-force)
----------------------------------------------------------------------
  Input:  search_locations[750, 3], node_positions[1874, 3]
  Params: K=10
  Output: distances[750, 10], indices[750, 10]
  Sample [0]: nearest nodes = [233, 506, 79, 1363, 400, 1297, 1704, 78, 80, 1497]
              distances     = [0.003800, 0.003878, 0.004405, 0.005707, 0.006136, 0.006954, 0.007161, 0.007536, 0.007861, 0.008807]

  Step 7 total: 12,649,500 ops (1.200s)
    - 4,216,500 mul + 7,027,500 add + 1,405,500 cmp
  Verify vs Monty: dist_diff=0.00e+00, ids_match=True OK

======================================================================
Step 8. Custom Distance + Pose Evidence
----------------------------------------------------------------------

  8a. Custom distance
      curvature = 3.494959
      curv_factor = 1/(|3.4950| + 0.5) = 0.250315
      Output: custom_dists[750, 10]
      Range: [0.000354, 0.012946]

  8b. Distance weights
      max_match_distance = 0.01
      Masked (too far): 50/7500 (0.7%)

  8c. Surface normal evidence
      Angles range:   [0.1, 89.5] deg
      Evidence range: [-0.2041, 0.4991]

  8d. Curvature direction evidence
      Angles range:   [0.2, 180.0] deg
      Evidence range: [-0.5000, 0.4996]

  8e. Weighted pose evidence
      w_sn=1.0, w_cd=1.0
      use_cd nodes: 7071/7500 (94.3%)
      Pose evidence range: [-0.6926, 0.9822]

  Step 8 total: ~187,500 ops (0.048s)

======================================================================
Step 9. Feature Evidence
----------------------------------------------------------------------
  Input:  feature_array[1874, 5], query[5]
  Query features: [0.1905, 0.0370, 0.7412, -1.3157, -3.4950]
  Tolerances:     [0.1000, 0.2000, 0.2000, 1.0000, 1.0000]
  Weights:        [1.0, 0.5, 0.5, 1.0, 1.0]
  Circular (hue): [True, False, False, False, False]
  Output: feature_evidence[1874]
  Range: [0.0000, 0.7737]
  Mean:  0.1800

  Step 9 total: ~46,850 ops (0.010s)
  Verify vs Monty: max_diff=0.00e+00 OK

======================================================================
Step 10. Evidence Accumulation
----------------------------------------------------------------------
  past_weight=1.0, present_weight=1.0
  Old evidence range: [0.3175, 0.7321]
  feature_evidence_increment=1.0

  Radius evidence [H, K]: range [-1.0000, 1.6771]
  Evidence to add [H]:    range [0.1334, 1.6771]
  New evidence [H]:       range [0.4515, 2.3755]

  Step 10 total: ~25,500 ops (0.004s)
  Verify evidence_to_add vs Monty: max_diff=0.00e+00 OK

======================================================================
SUMMARY
======================================================================
  Step                          Ops       Time      %
  -------------------- ------------ ---------- ------
  6. Rotation                47,250     0.007s   0.5%
  7. NN Search           12,649,500     1.200s  94.6%
  8. Pose Evidence          187,500     0.048s   3.8%
  9. Feature Evidence        46,850     0.010s   0.8%
  10. Accumulation           25,500     0.004s   0.3%
  -------------------- ------------ ---------- ------
  TOTAL                  12,956,600     1.269s

  All verifications: PASSED


